Archive member included because of file (symbol)

./SYS\libgsThreadS.a(gsThread.o)
                              .build/simul.o (gsThreadMutexUnlock)
./SYS\libUserCAPIS.a(UserCAPI.o)
                              .build/EngineInv_Ctrl.o (_gs_api_GetVarTrampoline)
C:/PROGRA~2/GRAF-S~1/GSE-VISU//bin/compiler/arm-gcc/lib\libgcc.a(_divsi3.o)
                              .build/VertBar.o (__divsi3)
C:/PROGRA~2/GRAF-S~1/GSE-VISU//bin/compiler/arm-gcc/lib\libgcc.a(_dvmd_nto.o)
                              C:/PROGRA~2/GRAF-S~1/GSE-VISU//bin/compiler/arm-gcc/lib\libgcc.a(_divsi3.o) (__div0)
C:/PROGRA~2/GRAF-S~1/GSE-VISU//bin/compiler/arm-gcc/lib\libgcc.a(_addsubsf3.o)
                              .build/AKB_Ctrl.o (__subsf3)
C:/PROGRA~2/GRAF-S~1/GSE-VISU//bin/compiler/arm-gcc/lib\libgcc.a(_muldivsf3.o)
                              .build/AKB_Ctrl.o (__mulsf3)
C:/PROGRA~2/GRAF-S~1/GSE-VISU//bin/compiler/arm-gcc/lib\libgcc.a(_cmpsf2.o)
                              .build/simul.o (__gtsf2)
C:/PROGRA~2/GRAF-S~1/GSE-VISU//bin/compiler/arm-gcc/lib\libgcc.a(_fixsfsi.o)
                              .build/AKB_Ctrl.o (__fixsfsi)
C:/PROGRA~2/GRAF-S~1/GSE-VISU//bin/compiler/arm-gcc/lib\libgcc.a(_fixunssfsi.o)
                              .build/simul.o (__fixunssfsi)

Allocating common symbols
Common symbol       size              file

FifoRX_j1939        0x4               .build/AKB_Ctrl.o
FifoRX_INVERTOR     0x4               .build/EngineInv_Ctrl.o
id_AKBThread        0x4               .build/AKB_Ctrl.o
buff                0x180             .build/PIXEL_TST_BAT.o
WDT_LEDS            0x20              .build/AKB_Ctrl.o
FifoRX_MCM          0x4               .build/MCM_Ctrl.o
buffSim             0xf0              .build/simul.o
id_MAIN_Thread      0x4               .build/MAIN_Thread.o
id_MCMThread        0x4               .build/MCM_Ctrl.o
id_SIMULATIONThread
                    0x4               .build/simul.o
id_EngInvThread     0x4               .build/EngineInv_Ctrl.o
mtx                 0x4               .build/PIXEL_TST_BAT.o

Memory Configuration

Name             Origin             Length             Attributes
*default*        0x00000000         0xffffffff

Linker script and memory map

LOAD .build/__GS_driverapi.o
LOAD .build/MCQ_dev.o
LOAD .build/RCColor.o
LOAD .build/RCText.o
LOAD .build/gdsPrjUserCInfo_CM.o
LOAD .build/gdsPrjUserCInfo_VR.o
LOAD .build/PIXEL_TST_BAT.o
LOAD .build/AKB_Ctrl.o
LOAD .build/EngineInv_Ctrl.o
LOAD .build/MCM_Ctrl.o
LOAD .build/MAIN_Thread.o
LOAD .build/VechleIcons.o
LOAD .build/VertBar.o
LOAD .build/simul.o
START GROUP
LOAD ./SYS\libCanOpenSlaveStack-DSeriesS.a
LOAD ./SYS\libfpgaS.a
LOAD ./SYS\libgsGuiObjS.a
LOAD ./SYS\libiniS.a
LOAD ./SYS\liblogS.a
LOAD ./SYS\libmbedcryptoS.a
LOAD ./SYS\libmbedtlsS.a
LOAD ./SYS\libmbedx509S.a
LOAD ./SYS\libgsNetwork-sslS.a
LOAD ./SYS\libgsThreadS.a
LOAD ./SYS\libUserCAPIS.a
LOAD ./SYS\libgsUtilS.a
LOAD C:/PROGRA~2/GRAF-S~1/GSE-VISU//bin/compiler/arm-gcc/lib\libgcc.a
END GROUP
                0x00000094                . = (0x0 + SIZEOF_HEADERS)

.note.gnu.build-id
 *(.note.gnu.build-id)

.hash           0x00000094      0x99c
 *(.hash)
 .hash          0x00000094      0x99c .build/__GS_driverapi.o

.gnu.hash
 *(.gnu.hash)

.dynsym         0x00000a30     0x15e0
 *(.dynsym)
 .dynsym        0x00000a30     0x15e0 .build/__GS_driverapi.o

.dynstr         0x00002010     0x20a4
 *(.dynstr)
 .dynstr        0x00002010     0x20a4 .build/__GS_driverapi.o

.gnu.version    0x000040b4        0x0
 *(.gnu.version)
 .gnu.version   0x00000000        0x0 .build/__GS_driverapi.o

.gnu.version_d  0x000040b4        0x0
 *(.gnu.version_d)
 .gnu.version_d
                0x00000000        0x0 .build/__GS_driverapi.o

.gnu.version_r  0x000040b4        0x0
 *(.gnu.version_r)
 .gnu.version_r
                0x00000000        0x0 .build/__GS_driverapi.o

.rel.dyn        0x000040b4      0x848
 *(.rel.init)
 *(.rel.text .rel.text.* .rel.gnu.linkonce.t.*)
 .rel.text      0x000040b4      0x420 .build/__GS_driverapi.o
 *(.rel.fini)
 *(.rel.rodata .rel.rodata.* .rel.gnu.linkonce.r.*)
 *(.rel.data.rel.ro* .rel.gnu.linkonce.d.rel.ro.*)
 .rel.data.rel.ro.local
                0x000044d4      0x408 .build/__GS_driverapi.o
 *(.rel.data .rel.data.* .rel.gnu.linkonce.d.*)
 .rel.data.rel  0x000048dc       0x10 .build/__GS_driverapi.o
 *(.rel.tdata .rel.tdata.* .rel.gnu.linkonce.td.*)
 *(.rel.tbss .rel.tbss.* .rel.gnu.linkonce.tb.*)
 *(.rel.ctors)
 *(.rel.dtors)
 *(.rel.got)
 .rel.got       0x000048ec       0x10 .build/__GS_driverapi.o
 *(.rel.bss .rel.bss.* .rel.gnu.linkonce.b.*)
 *(.rel.iplt)

.rela.dyn
 *(.rela.init)
 *(.rela.text .rela.text.* .rela.gnu.linkonce.t.*)
 *(.rela.fini)
 *(.rela.rodata .rela.rodata.* .rela.gnu.linkonce.r.*)
 *(.rela.data .rela.data.* .rela.gnu.linkonce.d.*)
 *(.rela.tdata .rela.tdata.* .rela.gnu.linkonce.td.*)
 *(.rela.tbss .rela.tbss.* .rela.gnu.linkonce.tb.*)
 *(.rela.ctors)
 *(.rela.dtors)
 *(.rela.got)
 *(.rela.bss .rela.bss.* .rela.gnu.linkonce.b.*)
 *(.rela.iplt)

.rel.plt        0x000048fc      0x168
 *(.rel.plt)
 .rel.plt       0x000048fc      0x168 .build/__GS_driverapi.o

.rela.plt
 *(.rela.plt)

.init
 *(.init)

.plt            0x00004a64      0x230
 *(.plt)
 .plt           0x00004a64      0x230 .build/__GS_driverapi.o

.iplt
 *(.iplt)

.text           0x00004c94     0x3450
 *(.text.unlikely .text.*_unlikely)
 *(.text .stub .text.* .gnu.linkonce.t.*)
 .text          0x00004c94        0x0 .build/__GS_driverapi.o
 .text          0x00004c94      0x2d0 .build/MCQ_dev.o
                0x00004cf4                _gs_event_keytelegram_event
                0x00004e74                _gs_event_keytelegram_preinit
 .text          0x00004f64       0x24 .build/RCColor.o
                0x00004f64                RCColorGetColor
                0x00004f84                RCColorSetColor
 .text          0x00004f88       0x78 .build/RCText.o
                0x00004f88                RCTextGetText
 .text          0x00005000        0x0 .build/gdsPrjUserCInfo_CM.o
 .text          0x00005000        0x0 .build/gdsPrjUserCInfo_VR.o
 .text          0x00005000       0xb4 .build/PIXEL_TST_BAT.o
                0x00005000                UserCTimer
                0x00005004                UserCCycle
                0x0000508c                UserCInit
 .text          0x000050b4      0x724 .build/AKB_Ctrl.o
                0x000050b4                AKB_WDT_Timer
                0x00005110                ShowDischargeCap
                0x00005164                ShowLowCellVoltage
                0x000051b8                ShowHiCellVoltage
                0x0000520c                ShowFstUpdatCharge
                0x00005260                ShowCurrent
                0x000052b4                ShowPowerDisCharge
                0x00005304                parsePGN
                0x000055dc                ShowVoltagLvl
                0x00005674                Thread_AKB
                0x00005758                Ini_AKB_Thread
 .text          0x000057d8      0x328 .build/EngineInv_Ctrl.o
                0x000057d8                approx
                0x00005810                parseInvert
                0x00005990                resetAll
                0x00005a10                Thread_EngineInv
                0x00005a88                Ini_EngInv_Thread
 .text          0x00005b00      0x220 .build/MCM_Ctrl.o
                0x00005b00                SetDOut
                0x00005b58                MCM_request_DOut
                0x00005bc4                parseMCM
                0x00005c18                Thread_MCM
                0x00005c9c                Ini_MCM_Thread
 .text          0x00005d20      0x2ac .build/MAIN_Thread.o
                0x00005d20                RelayIgnitionOn
                0x00005d2c                SendRequest_BAT_ON_OFF
                0x00005da0                SwitchIgnition
                0x00005e00                Thread_MAIN
                0x00005f8c                Ini_Thread_MAIN
 .text          0x00005fcc       0xbc .build/VechleIcons.o
                0x00005fcc                vechleicons_Set_stat
                0x00005ff0                vechleicons_show
 .text          0x00006088       0x78 .build/VertBar.o
                0x00006088                VertBars_Run
 .text          0x00006100      0x4f4 .build/simul.o
                0x00006100                inc_dec
                0x000061d4                inc_dec_II
                0x000062a0                Thread_SIMULATION
                0x00006590                Ini_SIMULATION_Thread
 .text          0x000065f4      0x118 ./SYS\libgsThreadS.a(gsThread.o)
                0x000065f4                gsThreadMutexUnlock
                0x000065fc                gsThreadMutexTrylock
                0x00006604                gsThreadMutexLock
                0x0000660c                gsThreadMutexDestroy
                0x00006638                gsThreadMutexInit
                0x00006664                gsThreadJoin
                0x00006690                gsThreadExit
                0x000066a0                gsThreadTestCancel
                0x000066a4                gsThreadCancel
                0x000066ac                gsThreadCreate
 .text          0x0000670c     0x1140 ./SYS\libUserCAPIS.a(UserCAPI.o)
                0x0000670c                _gs_api_GetVarTrampoline
                0x0000672c                _gs_api_GetVarIndexTrampoline
                0x0000674c                _gs_api_GetVarHandleTrampoline
                0x0000676c                _gs_api_GetVarIndexedTrampoline
                0x0000678c                _gs_api_SetVarTrampoline
                0x000067ac                _gs_api_SetVarIndexedTrampoline
                0x000067cc                _gs_api_GetVarFloatTrampoline
                0x000067ec                _gs_api_SetVarFloatTrampoline
                0x0000680c                _gs_api_GetVisibleVarsIndiecesTrampoline
                0x0000682c                _gs_api_LoadParameterSetTrampoline
                0x0000684c                _gs_api_SaveParameterSetTrampoline
                0x0000686c                _gs_api_VarEnableEventTrampoline
                0x0000688c                _gs_api_VarDisableEventTrampoline
                0x000068ac                _gs_api_VarIsEventEnabledTrampoline
                0x000068cc                _gs_api_MsgContainerOnTrampoline
                0x000068ec                _gs_api_MsgContainerOnPosTrampoline
                0x0000690c                _gs_api_MsgContainerOffTrampoline
                0x0000692c                _gs_api_InfoContainerOnTrampoline
                0x0000694c                _gs_api_InfoContainerOnPosTrampoline
                0x0000696c                _gs_api_InfoContainerOffTrampoline
                0x0000698c                _gs_api_GetVisibleInfoContainersTrampoline
                0x000069ac                _gs_api_MaskOnTrampoline
                0x000069cc                _gs_api_MaskOffTrampoline
                0x000069ec                _gs_api_PrioMaskOnTrampoline
                0x00006a0c                _gs_api_IsMsgContainerOnTrampoline
                0x00006a2c                _gs_api_IsInfoContainerOnTrampoline
                0x00006a4c                _gs_api_IsMaskOnTrampoline
                0x00006a6c                _gs_api_ProcessMaskContainerRequestsTrampoline
                0x00006a8c                _gs_api_GetCurrentMaskShownTrampoline
                0x00006aac                _gs_api_GetCurrentMsgContainerShownTrampoline
                0x00006acc                _gs_api_RTCGetTimeTrampoline
                0x00006aec                _gs_api_RTCGetDateTrampoline
                0x00006b0c                _gs_api_RTCSetTimeTrampoline
                0x00006b2c                _gs_api_RTCSetDateTrampoline
                0x00006b4c                _gs_api_SetDebugWindowTrampoline
                0x00006b6c                _gs_api_VPrintToDebugTrampoline
                0x00006b8c                _gs_api_IsKeyDownTrampoline
                0x00006bac                _gs_api_IsAnyKeyDownTrampoline
                0x00006bcc                _gs_api_IsKeyPressedNewTrampoline
                0x00006bec                _gs_api_IsKeyReleasedNewTrampoline
                0x00006c0c                _gs_api_AddLogMessageTrampoline
                0x00006c2c                _gs_api_AddLogVariableTrampoline
                0x00006c4c                _gs_api_SetVideoInSourceViewportTrampoline
                0x00006c78                _gs_api_SetVideoInDestinationViewportTrampoline
                0x00006ca4                _gs_api_SetVideoInParamTrampoline
                0x00006cc4                _gs_api_SetVideoInOnOffTrampoline
                0x00006ce4                _gs_api_CANAddRxFilterCallBackTrampoline
                0x00006d14                _gs_api_CANCreateFiFoTrampoline
                0x00006d34                _gs_api_CANRemoveFiFoTrampoline
                0x00006d54                _gs_api_CANRemoveCallBackTrampoline
                0x00006d74                _gs_api_CANAddRxFilterFiFoTrampoline
                0x00006da4                _gs_api_CANReadFiFoTrampoline
                0x00006dc4                _gs_api_CANReadFiFoWaitTrampoline
                0x00006de4                _gs_api_CANReadFiFoWaitToTrampoline
                0x00006e04                _gs_api_CANSendMsgTrampoline
                0x00006e24                _gs_api_CANSendMsgWaitTrampoline
                0x00006e44                _gs_api_SetVisObjDataTrampoline
                0x00006e64                _gs_api_GetVisObjDataTrampoline
                0x00006e84                _gs_api_SerialSendTrampoline
                0x00006ea4                _gs_api_SerialRecvTrampoline
                0x00006ec4                _gs_api_SetDigitalOutputTrampoline
                0x00006ee4                _gs_api_GetDigitalOutputTrampoline
                0x00006f04                _gs_api_GetDigitalOutputStatusTrampoline
                0x00006f24                _gs_api_SetPWMOutputTrampoline
                0x00006f44                _gs_api_GetAnalogInputTrampoline
                0x00006f64                _gs_api_SetAnalogInputTypeTrampoline
                0x00006f84                _gs_api_GetAnalogInputTypeTrampoline
                0x00006fa4                _gs_api_GetAnalogInputStatusTrampoline
                0x00006fc4                _gs_api_SetAnalogOutputTrampoline
                0x00006fe4                _gs_api_GetDigitalInputTrampoline
                0x00007004                _gs_api_GetFrequencyInputTrampoline
                0x00007024                _gs_api_GetCounterInputTrampoline
                0x00007044                _gs_api_CopyFileTrampoline
                0x00007064                _gs_api_USBGetFreeSpaceTrampoline
                0x00007084                _gs_api_USBUnmountStickTrampoline
                0x000070a4                _gs_api_GetMSTickTrampoline
                0x000070c4                _gs_api_SetTimerTrampoline
                0x000070e4                _gs_api_IsTimerOnTrampoline
                0x00007104                _gs_api_IsTimerOffTrampoline
                0x00007124                _gs_api_RemanentMemoryAttachTrampoline
                0x00007144                _gs_api_RemanentMemoryAttachIdTrampoline
                0x00007164                _gs_api_RemanentMemoryChangedTrampoline
                0x00007184                _gs_api_RemanentMemoryChangedIdTrampoline
                0x000071a4                _gs_api_FileOpenTrampoline
                0x000071c4                _gs_api_FileSizeTrampoline
                0x000071e4                _gs_api_FileCloseTrampoline
                0x00007204                _gs_api_FileWriteTrampoline
                0x00007224                _gs_api_FileVPrintfTrampoline
                0x00007244                _gs_api_FileReadTrampoline
                0x00007264                _gs_api_FileSeekTrampoline
                0x00007284                _gs_api_FileTellTrampoline
                0x000072a4                _gs_api_FileGetsTrampoline
                0x000072c4                _gs_api_FilePutsTrampoline
                0x000072e4                _gs_api_FileUnlinkTrampoline
                0x00007304                _gs_api_FileSyncTrampoline
                0x00007324                _gs_api_FileRenameTrampoline
                0x00007344                _gs_api_MakeDirTrampoline
                0x00007364                _gs_api_RemoveDirTrampoline
                0x00007384                _gs_api_DirOpenTrampoline
                0x000073a4                _gs_api_DirReadTrampoline
                0x000073c4                _gs_api_DirCloseTrampoline
                0x000073e4                _gs_api_SendKeyToVisuTrampoline
                0x00007404                _gs_api_SendToVisuObjTrampoline
                0x00007424                _gs_api_SendKeyTrampoline
                0x00007444                _gs_api_SendTouchTrampoline
                0x00007488                _gs_api_SetKeyBacklightTrampoline
                0x000074a8                _gs_api_SetKeyBacklightColorTrampoline
                0x000074e0                _gs_api_SetDisplayBacklightTrampoline
                0x00007500                _gs_api_SetBuzzerTrampoline
                0x00007520                _gs_api_HourCounterStartTrampoline
                0x00007540                _gs_api_HourCounterStopTrampoline
                0x00007560                _gs_api_IsHourCounterOnTrampoline
                0x00007580                _gs_api_HourCounterGetTrampoline
                0x000075a0                _gs_api_HourCounterSetTrampoline
                0x000075c0                _gs_api_GetResDataBaseTrampoline
                0x000075e0                _gs_api_SetProjectUpdateTrampoline
                0x00007600                _gs_api_ScreenshotTrampoline
                0x00007620                _gs_api_ConfigGetIntTrampoline
                0x00007640                _gs_api_ConfigGetStringTrampoline
                0x00007660                _gs_api_ConfigSetIntTrampoline
                0x00007680                _gs_api_ConfigSetStringTrampoline
                0x000076a0                _gs_api_PowerCommandTrampoline
                0x000076c0                _gs_api_RaiseUserCEventTrampoline
                0x000076e0                _gs_api_strcmpiTrampoline
                0x00007700                _gs_api_stricmpTrampoline
                0x00007720                _gs_api_strnicmpTrampoline
                0x00007740                _gs_priv_DhOhfFreErnqZftTrampoline
                0x00007760                _gs_priv_DhOhfFreJevgrZftTrampoline
                0x00007780                _gs_priv_JevgrFlfRRCEBZTrampoline
                0x000077a0                _gs_priv_ErnqFlfRRCEBZTrampoline
                0x000077c0                _gs_usercapi_errno_dummy
                0x000077dc                _gs_api_FilePrintfTrampoline
                0x00007814                _gs_api_PrintToDebugTrampoline
 .text          0x0000784c      0x140 C:/PROGRA~2/GRAF-S~1/GSE-VISU//bin/compiler/arm-gcc/lib\libgcc.a(_divsi3.o)
                0x0000784c                __divsi3
                0x0000784c                __aeabi_idiv
                0x00007974                __aeabi_idivmod
 .text          0x0000798c        0xc C:/PROGRA~2/GRAF-S~1/GSE-VISU//bin/compiler/arm-gcc/lib\libgcc.a(_dvmd_nto.o)
                0x0000798c                __div0
 .text          0x00007998      0x2ac C:/PROGRA~2/GRAF-S~1/GSE-VISU//bin/compiler/arm-gcc/lib\libgcc.a(_addsubsf3.o)
                0x00007998                __aeabi_frsub
                0x000079a0                __subsf3
                0x000079a0                __aeabi_fsub
                0x000079a4                __aeabi_fadd
                0x000079a4                __addsf3
                0x00007b60                __aeabi_ui2f
                0x00007b60                __floatunsisf
                0x00007b68                __aeabi_i2f
                0x00007b68                __floatsisf
                0x00007b88                __aeabi_ul2f
                0x00007b88                __floatundisf
                0x00007b98                __aeabi_l2f
                0x00007b98                __floatdisf
 .text          0x00007c44      0x2f8 C:/PROGRA~2/GRAF-S~1/GSE-VISU//bin/compiler/arm-gcc/lib\libgcc.a(_muldivsf3.o)
                0x00007c44                __mulsf3
                0x00007c44                __aeabi_fmul
                0x00007ddc                __aeabi_fdiv
                0x00007ddc                __divsf3
 .text          0x00007f3c       0xf8 C:/PROGRA~2/GRAF-S~1/GSE-VISU//bin/compiler/arm-gcc/lib\libgcc.a(_cmpsf2.o)
                0x00007f3c                __gesf2
                0x00007f3c                __gtsf2
                0x00007f44                __lesf2
                0x00007f44                __ltsf2
                0x00007f4c                __nesf2
                0x00007f4c                __eqsf2
                0x00007f4c                __cmpsf2
                0x00007fac                __aeabi_cfrcmple
                0x00007fbc                __aeabi_cfcmpeq
                0x00007fbc                __aeabi_cfcmple
                0x00007fd0                __aeabi_fcmpeq
                0x00007fe4                __aeabi_fcmplt
                0x00007ff8                __aeabi_fcmple
                0x0000800c                __aeabi_fcmpge
                0x00008020                __aeabi_fcmpgt
 .text          0x00008034       0x5c C:/PROGRA~2/GRAF-S~1/GSE-VISU//bin/compiler/arm-gcc/lib\libgcc.a(_fixsfsi.o)
                0x00008034                __aeabi_f2iz
                0x00008034                __fixsfsi
 .text          0x00008090       0x54 C:/PROGRA~2/GRAF-S~1/GSE-VISU//bin/compiler/arm-gcc/lib\libgcc.a(_fixunssfsi.o)
                0x00008090                __fixunssfsi
                0x00008090                __aeabi_f2uiz
 *(.gnu.warning)
 *(.glue_7t)
 .glue_7t       0x00000000        0x0 linker stubs
 *(.glue_7)
 .glue_7        0x00000000        0x0 linker stubs
 *(.vfp11_veneer)
 .vfp11_veneer  0x00000000        0x0 linker stubs
 *(.v4_bx)
 .v4_bx         0x00000000        0x0 linker stubs

.fini
 *(.fini)
                0x000080e4                PROVIDE (__etext, .)
                0x000080e4                PROVIDE (_etext, .)
                0x000080e4                PROVIDE (etext, .)

.rodata         0x000080e4      0x5c0
 *(.rodata .rodata.* .gnu.linkonce.r.*)
 .rodata        0x000080e4       0x2c .build/MCQ_dev.o
                0x000080e4                keyConfTable1
                0x00008100                keyConfTable2
 .rodata.str1.4
                0x00008110       0xb0 .build/MCQ_dev.o
 .rodata.str1.4
                0x000081c0       0x1f .build/RCText.o
                                 0x20 (size before relaxing)
 *fill*         0x000081df        0x1 00
 .rodata        0x000081e0        0x8 .build/gdsPrjUserCInfo_CM.o
                0x000081e0                _gs_prjusercinfo_mContInfoSize
                0x000081e4                _gs_prjusercinfo_mMaskInfoSize
 .rodata.str1.4
                0x000081e8       0x46 .build/gdsPrjUserCInfo_CM.o
                                 0x48 (size before relaxing)
 *fill*         0x0000822e        0x2 00
 .rodata        0x00008230        0x4 .build/gdsPrjUserCInfo_VR.o
                0x00008230                _gs_prjusercinfo_mVarInfoSize
 .rodata.str1.4
                0x00008234      0x3f8 .build/gdsPrjUserCInfo_VR.o
                                0x3fc (size before relaxing)
 .rodata        0x0000862c       0x78 .build/VechleIcons.o

.rodata1
 *(.rodata1)

.ARM.extab
 *(.ARM.extab* .gnu.linkonce.armextab.*)
                0x000086a4                __exidx_start = .

.ARM.exidx
 *(.ARM.exidx* .gnu.linkonce.armexidx.*)
                0x000086a4                __exidx_end = .

.eh_frame_hdr
 *(.eh_frame_hdr)

.eh_frame
 *(.eh_frame)

.gcc_except_table
 *(.gcc_except_table .gcc_except_table.*)
                0x000106a4                . = (ALIGN (0x8000) + (. & 0x7fff))

.eh_frame
 *(.eh_frame)

.gcc_except_table
 *(.gcc_except_table .gcc_except_table.*)

.tdata
 *(.tdata .tdata.* .gnu.linkonce.td.*)

.tbss
 *(.tbss .tbss.* .gnu.linkonce.tb.*)
 *(.tcommon)

.preinit_array
 *(.preinit_array)

.init_array
 *(SORT(.init_array.*))
 *(.init_array)

.fini_array
 *(.fini_array)
 *(SORT(.fini_array.*))

.ctors
 *crtbegin.o(.ctors)
 *crtbegin?.o(.ctors)
 *(EXCLUDE_FILE(*crtend?.o *crtend.o) .ctors)
 *(SORT(.ctors.*))
 *(.ctors)

.dtors
 *crtbegin.o(.dtors)
 *crtbegin?.o(.dtors)
 *(EXCLUDE_FILE(*crtend?.o *crtend.o) .dtors)
 *(SORT(.dtors.*))
 *(.dtors)

.jcr
 *(.jcr)

.data.rel.ro    0x000106a4      0x314
 *(.data.rel.ro.local* .gnu.linkonce.d.rel.ro.local.*)
 .data.rel.ro.local
                0x000106a4       0x38 .build/gdsPrjUserCInfo_CM.o
                0x000106a4                _gs_prjusercinfo_mContInfo
                0x000106bc                _gs_prjusercinfo_mMaskInfo
 .data.rel.ro.local
                0x000106dc      0x2dc .build/gdsPrjUserCInfo_VR.o
                0x000106dc                _gs_prjusercinfo_mVarInfo
 *(.data.rel.ro* .gnu.linkonce.d.rel.ro.*)

.dynamic        0x000109b8       0xa0
 *(.dynamic)
 .dynamic       0x000109b8       0xa0 .build/__GS_driverapi.o
                0x000109b8                _DYNAMIC

.got            0x00010a58       0xc8
 *(.got.plt)
 .got.plt       0x00010a58       0xc0 .build/__GS_driverapi.o
                0x00010a58                _GLOBAL_OFFSET_TABLE_
 *(.igot.plt)
 *(.got)
 .got           0x00010b18        0x8 .build/__GS_driverapi.o
 *(.igot)

.data           0x00010b20      0x344
                0x00010b20                __data_start = .
 *(.data .data.* .gnu.linkonce.d.*)
 .data          0x00010b20        0x0 .build/__GS_driverapi.o
 .data.rel      0x00010b20       0x10 .build/__GS_driverapi.o
                0x00010b20                __gs__funcs_event
                0x00010b28                __gs__funcs_preinit
 .data          0x00010b30        0x8 .build/MCQ_dev.o
                0x00010b30                _gs_CAN0_TxId
                0x00010b34                _gs_CAN1_TxId
 .data          0x00010b38        0x0 .build/RCColor.o
 .data          0x00010b38        0x0 .build/RCText.o
 .data          0x00010b38        0x0 .build/gdsPrjUserCInfo_CM.o
 .data          0x00010b38        0x0 .build/gdsPrjUserCInfo_VR.o
 .data          0x00010b38        0x0 .build/PIXEL_TST_BAT.o
 .data          0x00010b38        0x0 .build/AKB_Ctrl.o
 .data          0x00010b38        0x0 .build/EngineInv_Ctrl.o
 .data          0x00010b38        0x0 .build/MCM_Ctrl.o
 .data          0x00010b38        0x0 .build/MAIN_Thread.o
 .data          0x00010b38       0x10 .build/VechleIcons.o
 .data          0x00010b48       0x40 .build/VertBar.o
                0x00010b48                vBAr
 .data          0x00010b88      0x2dc .build/simul.o
                0x00010b88                div
                0x00010b8c                divII
                0x00010b90                dInc
 .data          0x00010e64        0x0 ./SYS\libgsThreadS.a(gsThread.o)
 .data          0x00010e64        0x0 ./SYS\libUserCAPIS.a(UserCAPI.o)
 .data          0x00010e64        0x0 C:/PROGRA~2/GRAF-S~1/GSE-VISU//bin/compiler/arm-gcc/lib\libgcc.a(_divsi3.o)
 .data          0x00010e64        0x0 C:/PROGRA~2/GRAF-S~1/GSE-VISU//bin/compiler/arm-gcc/lib\libgcc.a(_dvmd_nto.o)
 .data          0x00010e64        0x0 C:/PROGRA~2/GRAF-S~1/GSE-VISU//bin/compiler/arm-gcc/lib\libgcc.a(_addsubsf3.o)
 .data          0x00010e64        0x0 C:/PROGRA~2/GRAF-S~1/GSE-VISU//bin/compiler/arm-gcc/lib\libgcc.a(_muldivsf3.o)
 .data          0x00010e64        0x0 C:/PROGRA~2/GRAF-S~1/GSE-VISU//bin/compiler/arm-gcc/lib\libgcc.a(_cmpsf2.o)
 .data          0x00010e64        0x0 C:/PROGRA~2/GRAF-S~1/GSE-VISU//bin/compiler/arm-gcc/lib\libgcc.a(_fixsfsi.o)
 .data          0x00010e64        0x0 C:/PROGRA~2/GRAF-S~1/GSE-VISU//bin/compiler/arm-gcc/lib\libgcc.a(_fixunssfsi.o)

.data1
 *(.data1)
                0x00010e64                _edata = .
                0x00010e64                PROVIDE (edata, .)
                0x00010e64                __bss_start = .
                0x00010e64                __bss_start__ = .

.bss            0x00010e64      0x538
 *(.dynbss)
 .dynbss        0x00000000        0x0 .build/__GS_driverapi.o
 *(.bss .bss.* .gnu.linkonce.b.*)
 .bss           0x00010e64        0x0 .build/__GS_driverapi.o
 .bss           0x00010e64        0x2 .build/MCQ_dev.o
                0x00010e64                _gs_CAN0_TxExt
                0x00010e65                _gs_CAN1_TxExt
 .bss           0x00010e66        0x0 .build/RCColor.o
 *fill*         0x00010e66        0x2 00
 .bss           0x00010e68       0x40 .build/RCText.o
 .bss           0x00010ea8        0x0 .build/gdsPrjUserCInfo_CM.o
 .bss           0x00010ea8        0x0 .build/gdsPrjUserCInfo_VR.o
 .bss           0x00010ea8        0x0 .build/PIXEL_TST_BAT.o
 .bss           0x00010ea8       0x1c .build/AKB_Ctrl.o
                0x00010ea8                AvlblDischargePower
                0x00010eac                VoltagLvl
                0x00010eb0                Current
                0x00010eb4                FstUpdatCharge
                0x00010eb8                HiCellVoltage
                0x00010ebc                LowCellVoltage
                0x00010ec0                DischargeCap
 .bss           0x00010ec4        0x0 .build/EngineInv_Ctrl.o
 .bss           0x00010ec4        0x8 .build/MCM_Ctrl.o
                0x00010ec4                MutexTX
                0x00010ec8                MCM_DOut
 .bss           0x00010ecc        0x1 .build/MAIN_Thread.o
 .bss           0x00010ecd        0x0 .build/VechleIcons.o
 .bss           0x00010ecd        0x0 .build/VertBar.o
 *fill*         0x00010ecd        0x3 00
 .bss           0x00010ed0        0x8 .build/simul.o
                0x00010ed0                invErr
                0x00010ed1                invWarn
                0x00010ed2                invTerm
                0x00010ed3                ign
                0x00010ed4                sim_msg
 .bss           0x00010ed8        0x0 ./SYS\libgsThreadS.a(gsThread.o)
 .bss           0x00010ed8      0x210 ./SYS\libUserCAPIS.a(UserCAPI.o)
                0x00010ed8                _gs_api_GetVar
                0x00010edc                _gs_api_GetVarIndex
                0x00010ee0                _gs_api_GetVarHandle
                0x00010ee4                _gs_api_GetVarIndexed
                0x00010ee8                _gs_api_SetVar
                0x00010eec                _gs_api_SetVarIndexed
                0x00010ef0                _gs_api_GetVarFloat
                0x00010ef4                _gs_api_SetVarFloat
                0x00010ef8                _gs_api_GetVisibleVarsIndieces
                0x00010efc                _gs_api_LoadParameterSet
                0x00010f00                _gs_api_SaveParameterSet
                0x00010f04                _gs_api_VarEnableEvent
                0x00010f08                _gs_api_VarDisableEvent
                0x00010f0c                _gs_api_VarIsEventEnabled
                0x00010f10                _gs_api_MsgContainerOn
                0x00010f14                _gs_api_MsgContainerOnPos
                0x00010f18                _gs_api_MsgContainerOff
                0x00010f1c                _gs_api_InfoContainerOn
                0x00010f20                _gs_api_InfoContainerOnPos
                0x00010f24                _gs_api_InfoContainerOff
                0x00010f28                _gs_api_GetVisibleInfoContainers
                0x00010f2c                _gs_api_MaskOn
                0x00010f30                _gs_api_MaskOff
                0x00010f34                _gs_api_PrioMaskOn
                0x00010f38                _gs_api_IsMsgContainerOn
                0x00010f3c                _gs_api_IsInfoContainerOn
                0x00010f40                _gs_api_IsMaskOn
                0x00010f44                _gs_api_ProcessMaskContainerRequests
                0x00010f48                _gs_api_GetCurrentMaskShown
                0x00010f4c                _gs_api_GetCurrentMsgContainerShown
                0x00010f50                _gs_api_RTCGetTime
                0x00010f54                _gs_api_RTCGetDate
                0x00010f58                _gs_api_RTCSetTime
                0x00010f5c                _gs_api_RTCSetDate
                0x00010f60                _gs_api_SetDebugWindow
                0x00010f64                _gs_api_VPrintToDebug
                0x00010f68                _gs_api_IsKeyDown
                0x00010f6c                _gs_api_IsAnyKeyDown
                0x00010f70                _gs_api_IsKeyPressedNew
                0x00010f74                _gs_api_IsKeyReleasedNew
                0x00010f78                _gs_api_AddLogMessage
                0x00010f7c                _gs_api_AddLogVariable
                0x00010f80                _gs_api_SetVideoInSourceViewport
                0x00010f84                _gs_api_SetVideoInDestinationViewport
                0x00010f88                _gs_api_SetVideoInParam
                0x00010f8c                _gs_api_SetVideoInOnOff
                0x00010f90                _gs_api_CANAddRxFilterCallBack
                0x00010f94                _gs_api_CANCreateFiFo
                0x00010f98                _gs_api_CANRemoveFiFo
                0x00010f9c                _gs_api_CANRemoveCallBack
                0x00010fa0                _gs_api_CANAddRxFilterFiFo
                0x00010fa4                _gs_api_CANReadFiFo
                0x00010fa8                _gs_api_CANReadFiFoWait
                0x00010fac                _gs_api_CANReadFiFoWaitTo
                0x00010fb0                _gs_api_CANSendMsg
                0x00010fb4                _gs_api_CANSendMsgWait
                0x00010fb8                _gs_api_SetVisObjData
                0x00010fbc                _gs_api_GetVisObjData
                0x00010fc0                _gs_api_SerialSend
                0x00010fc4                _gs_api_SerialRecv
                0x00010fc8                _gs_api_SetDigitalOutput
                0x00010fcc                _gs_api_GetDigitalOutput
                0x00010fd0                _gs_api_GetDigitalOutputStatus
                0x00010fd4                _gs_api_SetPWMOutput
                0x00010fd8                _gs_api_GetAnalogInput
                0x00010fdc                _gs_api_SetAnalogInputType
                0x00010fe0                _gs_api_GetAnalogInputType
                0x00010fe4                _gs_api_GetAnalogInputStatus
                0x00010fe8                _gs_api_SetAnalogOutput
                0x00010fec                _gs_api_GetDigitalInput
                0x00010ff0                _gs_api_GetFrequencyInput
                0x00010ff4                _gs_api_GetCounterInput
                0x00010ff8                _gs_api_CopyFile
                0x00010ffc                _gs_api_USBGetFreeSpace
                0x00011000                _gs_api_USBUnmountStick
                0x00011004                _gs_api_GetMSTick
                0x00011008                _gs_api_SetTimer
                0x0001100c                _gs_api_IsTimerOn
                0x00011010                _gs_api_IsTimerOff
                0x00011014                _gs_api_RemanentMemoryAttach
                0x00011018                _gs_api_RemanentMemoryAttachId
                0x0001101c                _gs_api_RemanentMemoryChanged
                0x00011020                _gs_api_RemanentMemoryChangedId
                0x00011024                _gs_api_FileOpen
                0x00011028                _gs_api_FileSize
                0x0001102c                _gs_api_FileClose
                0x00011030                _gs_api_FileWrite
                0x00011034                _gs_api_FileVPrintf
                0x00011038                _gs_api_FileRead
                0x0001103c                _gs_api_FileSeek
                0x00011040                _gs_api_FileTell
                0x00011044                _gs_api_FileGets
                0x00011048                _gs_api_FilePuts
                0x0001104c                _gs_api_FileUnlink
                0x00011050                _gs_api_FileSync
                0x00011054                _gs_api_FileRename
                0x00011058                _gs_api_MakeDir
                0x0001105c                _gs_api_RemoveDir
                0x00011060                _gs_api_DirOpen
                0x00011064                _gs_api_DirRead
                0x00011068                _gs_api_DirClose
                0x0001106c                _gs_api_SendKeyToVisu
                0x00011070                _gs_api_SendToVisuObj
                0x00011074                _gs_api_SendKey
                0x00011078                _gs_api_SendTouch
                0x0001107c                _gs_api_SetKeyBacklight
                0x00011080                _gs_api_SetKeyBacklightColor
                0x00011084                _gs_api_SetDisplayBacklight
                0x00011088                _gs_api_SetBuzzer
                0x0001108c                _gs_api_HourCounterStart
                0x00011090                _gs_api_HourCounterStop
                0x00011094                _gs_api_IsHourCounterOn
                0x00011098                _gs_api_HourCounterGet
                0x0001109c                _gs_api_HourCounterSet
                0x000110a0                _gs_api_GetResDataBase
                0x000110a4                _gs_api_SetProjectUpdate
                0x000110a8                _gs_api_Screenshot
                0x000110ac                _gs_api_ConfigGetInt
                0x000110b0                _gs_api_ConfigGetString
                0x000110b4                _gs_api_ConfigSetInt
                0x000110b8                _gs_api_ConfigSetString
                0x000110bc                _gs_api_PowerCommand
                0x000110c0                _gs_api_RaiseUserCEvent
                0x000110c4                _gs_api_strcmpi
                0x000110c8                _gs_api_stricmp
                0x000110cc                _gs_api_strnicmp
                0x000110d0                _gs_priv_DhOhfFreErnqZft
                0x000110d4                _gs_priv_DhOhfFreJevgrZft
                0x000110d8                _gs_priv_JevgrFlfRRCEBZ
                0x000110dc                _gs_priv_ErnqFlfRRCEBZ
                0x000110e0                _gs_api_PrintToDebug
                0x000110e4                _gs_api_FilePrintf
 .bss           0x000110e8        0x0 C:/PROGRA~2/GRAF-S~1/GSE-VISU//bin/compiler/arm-gcc/lib\libgcc.a(_divsi3.o)
 .bss           0x000110e8        0x0 C:/PROGRA~2/GRAF-S~1/GSE-VISU//bin/compiler/arm-gcc/lib\libgcc.a(_dvmd_nto.o)
 .bss           0x000110e8        0x0 C:/PROGRA~2/GRAF-S~1/GSE-VISU//bin/compiler/arm-gcc/lib\libgcc.a(_addsubsf3.o)
 .bss           0x000110e8        0x0 C:/PROGRA~2/GRAF-S~1/GSE-VISU//bin/compiler/arm-gcc/lib\libgcc.a(_muldivsf3.o)
 .bss           0x000110e8        0x0 C:/PROGRA~2/GRAF-S~1/GSE-VISU//bin/compiler/arm-gcc/lib\libgcc.a(_cmpsf2.o)
 .bss           0x000110e8        0x0 C:/PROGRA~2/GRAF-S~1/GSE-VISU//bin/compiler/arm-gcc/lib\libgcc.a(_fixsfsi.o)
 .bss           0x000110e8        0x0 C:/PROGRA~2/GRAF-S~1/GSE-VISU//bin/compiler/arm-gcc/lib\libgcc.a(_fixunssfsi.o)
 *(COMMON)
 COMMON         0x000110e8      0x184 .build/PIXEL_TST_BAT.o
                0x000110e8                buff
                0x00011268                mtx
 COMMON         0x0001126c       0x28 .build/AKB_Ctrl.o
                0x0001126c                FifoRX_j1939
                0x00011270                id_AKBThread
                0x00011274                WDT_LEDS
 COMMON         0x00011294        0x8 .build/EngineInv_Ctrl.o
                0x00011294                FifoRX_INVERTOR
                0x00011298                id_EngInvThread
 COMMON         0x0001129c        0x8 .build/MCM_Ctrl.o
                0x0001129c                FifoRX_MCM
                0x000112a0                id_MCMThread
 COMMON         0x000112a4        0x4 .build/MAIN_Thread.o
                0x000112a4                id_MAIN_Thread
 COMMON         0x000112a8       0xf4 .build/simul.o
                0x000112a8                buffSim
                0x00011398                id_SIMULATIONThread
                0x0001139c                . = ALIGN ((. != 0x0)?0x4:0x1)
                0x0001139c                _bss_end__ = .
                0x0001139c                __bss_end__ = .
                0x0001139c                . = ALIGN (0x4)
                0x0001139c                . = ALIGN (0x4)
                0x0001139c                __end__ = .
                0x0001139c                _end = .
                0x0001139c                PROVIDE (end, .)

.stab
 *(.stab)

.stabstr
 *(.stabstr)

.stab.excl
 *(.stab.excl)

.stab.exclstr
 *(.stab.exclstr)

.stab.index
 *(.stab.index)

.stab.indexstr
 *(.stab.indexstr)

.comment        0x00000000       0x35
 *(.comment)
 .comment       0x00000000       0x11 .build/__GS_driverapi.o
                                 0x12 (size before relaxing)
 .comment       0x00000000       0x12 .build/MCQ_dev.o
 .comment       0x00000000       0x12 .build/RCColor.o
 .comment       0x00000000       0x12 .build/RCText.o
 .comment       0x00000000       0x12 .build/gdsPrjUserCInfo_CM.o
 .comment       0x00000000       0x12 .build/gdsPrjUserCInfo_VR.o
 .comment       0x00000000       0x12 .build/PIXEL_TST_BAT.o
 .comment       0x00000000       0x12 .build/AKB_Ctrl.o
 .comment       0x00000000       0x12 .build/EngineInv_Ctrl.o
 .comment       0x00000000       0x12 .build/MCM_Ctrl.o
 .comment       0x00000000       0x12 .build/MAIN_Thread.o
 .comment       0x00000000       0x12 .build/VechleIcons.o
 .comment       0x00000000       0x12 .build/VertBar.o
 .comment       0x00000000       0x12 .build/simul.o
 .comment       0x00000011       0x12 ./SYS\libgsThreadS.a(gsThread.o)
 .comment       0x00000023       0x12 ./SYS\libUserCAPIS.a(UserCAPI.o)

.debug
 *(.debug)

.line
 *(.line)

.debug_srcinfo
 *(.debug_srcinfo)

.debug_sfnames
 *(.debug_sfnames)

.debug_aranges  0x00000000       0xe0
 *(.debug_aranges)
 .debug_aranges
                0x00000000       0x20 C:/PROGRA~2/GRAF-S~1/GSE-VISU//bin/compiler/arm-gcc/lib\libgcc.a(_divsi3.o)
 .debug_aranges
                0x00000020       0x20 C:/PROGRA~2/GRAF-S~1/GSE-VISU//bin/compiler/arm-gcc/lib\libgcc.a(_dvmd_nto.o)
 .debug_aranges
                0x00000040       0x20 C:/PROGRA~2/GRAF-S~1/GSE-VISU//bin/compiler/arm-gcc/lib\libgcc.a(_addsubsf3.o)
 .debug_aranges
                0x00000060       0x20 C:/PROGRA~2/GRAF-S~1/GSE-VISU//bin/compiler/arm-gcc/lib\libgcc.a(_muldivsf3.o)
 .debug_aranges
                0x00000080       0x20 C:/PROGRA~2/GRAF-S~1/GSE-VISU//bin/compiler/arm-gcc/lib\libgcc.a(_cmpsf2.o)
 .debug_aranges
                0x000000a0       0x20 C:/PROGRA~2/GRAF-S~1/GSE-VISU//bin/compiler/arm-gcc/lib\libgcc.a(_fixsfsi.o)
 .debug_aranges
                0x000000c0       0x20 C:/PROGRA~2/GRAF-S~1/GSE-VISU//bin/compiler/arm-gcc/lib\libgcc.a(_fixunssfsi.o)

.debug_pubnames
 *(.debug_pubnames)

.debug_info     0x00000000      0x446
 *(.debug_info .gnu.linkonce.wi.*)
 .debug_info    0x00000000       0x9d C:/PROGRA~2/GRAF-S~1/GSE-VISU//bin/compiler/arm-gcc/lib\libgcc.a(_divsi3.o)
 .debug_info    0x0000009d       0x9d C:/PROGRA~2/GRAF-S~1/GSE-VISU//bin/compiler/arm-gcc/lib\libgcc.a(_dvmd_nto.o)
 .debug_info    0x0000013a       0x9c C:/PROGRA~2/GRAF-S~1/GSE-VISU//bin/compiler/arm-gcc/lib\libgcc.a(_addsubsf3.o)
 .debug_info    0x000001d6       0x9c C:/PROGRA~2/GRAF-S~1/GSE-VISU//bin/compiler/arm-gcc/lib\libgcc.a(_muldivsf3.o)
 .debug_info    0x00000272       0x9c C:/PROGRA~2/GRAF-S~1/GSE-VISU//bin/compiler/arm-gcc/lib\libgcc.a(_cmpsf2.o)
 .debug_info    0x0000030e       0x9c C:/PROGRA~2/GRAF-S~1/GSE-VISU//bin/compiler/arm-gcc/lib\libgcc.a(_fixsfsi.o)
 .debug_info    0x000003aa       0x9c C:/PROGRA~2/GRAF-S~1/GSE-VISU//bin/compiler/arm-gcc/lib\libgcc.a(_fixunssfsi.o)

.debug_abbrev   0x00000000       0x8c
 *(.debug_abbrev)
 .debug_abbrev  0x00000000       0x14 C:/PROGRA~2/GRAF-S~1/GSE-VISU//bin/compiler/arm-gcc/lib\libgcc.a(_divsi3.o)
 .debug_abbrev  0x00000014       0x14 C:/PROGRA~2/GRAF-S~1/GSE-VISU//bin/compiler/arm-gcc/lib\libgcc.a(_dvmd_nto.o)
 .debug_abbrev  0x00000028       0x14 C:/PROGRA~2/GRAF-S~1/GSE-VISU//bin/compiler/arm-gcc/lib\libgcc.a(_addsubsf3.o)
 .debug_abbrev  0x0000003c       0x14 C:/PROGRA~2/GRAF-S~1/GSE-VISU//bin/compiler/arm-gcc/lib\libgcc.a(_muldivsf3.o)
 .debug_abbrev  0x00000050       0x14 C:/PROGRA~2/GRAF-S~1/GSE-VISU//bin/compiler/arm-gcc/lib\libgcc.a(_cmpsf2.o)
 .debug_abbrev  0x00000064       0x14 C:/PROGRA~2/GRAF-S~1/GSE-VISU//bin/compiler/arm-gcc/lib\libgcc.a(_fixsfsi.o)
 .debug_abbrev  0x00000078       0x14 C:/PROGRA~2/GRAF-S~1/GSE-VISU//bin/compiler/arm-gcc/lib\libgcc.a(_fixunssfsi.o)

.debug_line     0x00000000      0x4a2
 *(.debug_line)
 .debug_line    0x00000000       0x8b C:/PROGRA~2/GRAF-S~1/GSE-VISU//bin/compiler/arm-gcc/lib\libgcc.a(_divsi3.o)
 .debug_line    0x0000008b       0x54 C:/PROGRA~2/GRAF-S~1/GSE-VISU//bin/compiler/arm-gcc/lib\libgcc.a(_dvmd_nto.o)
 .debug_line    0x000000df      0x109 C:/PROGRA~2/GRAF-S~1/GSE-VISU//bin/compiler/arm-gcc/lib\libgcc.a(_addsubsf3.o)
 .debug_line    0x000001e8      0x113 C:/PROGRA~2/GRAF-S~1/GSE-VISU//bin/compiler/arm-gcc/lib\libgcc.a(_muldivsf3.o)
 .debug_line    0x000002fb       0xd9 C:/PROGRA~2/GRAF-S~1/GSE-VISU//bin/compiler/arm-gcc/lib\libgcc.a(_cmpsf2.o)
 .debug_line    0x000003d4       0x68 C:/PROGRA~2/GRAF-S~1/GSE-VISU//bin/compiler/arm-gcc/lib\libgcc.a(_fixsfsi.o)
 .debug_line    0x0000043c       0x66 C:/PROGRA~2/GRAF-S~1/GSE-VISU//bin/compiler/arm-gcc/lib\libgcc.a(_fixunssfsi.o)

.debug_frame    0x00000000       0x28
 *(.debug_frame)
 .debug_frame   0x00000000       0x28 C:/PROGRA~2/GRAF-S~1/GSE-VISU//bin/compiler/arm-gcc/lib\libgcc.a(_divsi3.o)

.debug_str
 *(.debug_str)

.debug_loc
 *(.debug_loc)

.debug_macinfo
 *(.debug_macinfo)

.debug_weaknames
 *(.debug_weaknames)

.debug_funcnames
 *(.debug_funcnames)

.debug_typenames
 *(.debug_typenames)

.debug_varnames
 *(.debug_varnames)

.debug_pubtypes
 *(.debug_pubtypes)

.debug_ranges
 *(.debug_ranges)

.stack          0x00080000        0x0
                0x00080000                _stack = .
 *(.stack)

.ARM.attributes
                0x00000000       0x10
 *(.ARM.attributes)
 .ARM.attributes
                0x00000000       0x10 .build/__GS_driverapi.o
 .ARM.attributes
                0x00000010       0x10 .build/MCQ_dev.o
 .ARM.attributes
                0x00000020       0x10 .build/RCColor.o
 .ARM.attributes
                0x00000030       0x10 .build/RCText.o
 .ARM.attributes
                0x00000040       0x10 .build/gdsPrjUserCInfo_CM.o
 .ARM.attributes
                0x00000050       0x10 .build/gdsPrjUserCInfo_VR.o
 .ARM.attributes
                0x00000060       0x10 .build/PIXEL_TST_BAT.o
 .ARM.attributes
                0x00000070       0x10 .build/AKB_Ctrl.o
 .ARM.attributes
                0x00000080       0x10 .build/EngineInv_Ctrl.o
 .ARM.attributes
                0x00000090       0x10 .build/MCM_Ctrl.o
 .ARM.attributes
                0x000000a0       0x10 .build/MAIN_Thread.o
 .ARM.attributes
                0x000000b0       0x10 .build/VechleIcons.o
 .ARM.attributes
                0x000000c0       0x10 .build/VertBar.o
 .ARM.attributes
                0x000000d0       0x10 .build/simul.o
 .ARM.attributes
                0x000000e0       0x10 ./SYS\libgsThreadS.a(gsThread.o)
 .ARM.attributes
                0x000000f0       0x10 ./SYS\libUserCAPIS.a(UserCAPI.o)
 .ARM.attributes
                0x00000100       0x10 C:/PROGRA~2/GRAF-S~1/GSE-VISU//bin/compiler/arm-gcc/lib\libgcc.a(_divsi3.o)
 .ARM.attributes
                0x00000110       0x10 C:/PROGRA~2/GRAF-S~1/GSE-VISU//bin/compiler/arm-gcc/lib\libgcc.a(_dvmd_nto.o)
 .ARM.attributes
                0x00000120       0x10 C:/PROGRA~2/GRAF-S~1/GSE-VISU//bin/compiler/arm-gcc/lib\libgcc.a(_addsubsf3.o)
 .ARM.attributes
                0x00000130       0x10 C:/PROGRA~2/GRAF-S~1/GSE-VISU//bin/compiler/arm-gcc/lib\libgcc.a(_muldivsf3.o)
 .ARM.attributes
                0x00000140       0x10 C:/PROGRA~2/GRAF-S~1/GSE-VISU//bin/compiler/arm-gcc/lib\libgcc.a(_cmpsf2.o)
 .ARM.attributes
                0x00000150       0x10 C:/PROGRA~2/GRAF-S~1/GSE-VISU//bin/compiler/arm-gcc/lib\libgcc.a(_fixsfsi.o)
 .ARM.attributes
                0x00000160       0x10 C:/PROGRA~2/GRAF-S~1/GSE-VISU//bin/compiler/arm-gcc/lib\libgcc.a(_fixunssfsi.o)
 *(.gnu.attributes)

.note.gnu.arm.ident
 *(.note.gnu.arm.ident)

/DISCARD/
 *(.note.GNU-stack)
 *(.gnu_debuglink)
 *(.gnu.lto_*)
OUTPUT(.build/PIXEL_TST_BAT.so elf32-littlearm)

Cross Reference Table

Symbol                                            File
AKB_WDT_Timer                                     .build/AKB_Ctrl.o
AvlblDischargePower                               .build/AKB_Ctrl.o
Current                                           .build/AKB_Ctrl.o
DischargeCap                                      .build/AKB_Ctrl.o
FifoRX_INVERTOR                                   .build/EngineInv_Ctrl.o
FifoRX_MCM                                        .build/MCM_Ctrl.o
FifoRX_j1939                                      .build/AKB_Ctrl.o
FstUpdatCharge                                    .build/AKB_Ctrl.o
HiCellVoltage                                     .build/AKB_Ctrl.o
Ini_AKB_Thread                                    .build/AKB_Ctrl.o
                                                  .build/PIXEL_TST_BAT.o
Ini_EngInv_Thread                                 .build/EngineInv_Ctrl.o
                                                  .build/PIXEL_TST_BAT.o
Ini_MCM_Thread                                    .build/MCM_Ctrl.o
                                                  .build/PIXEL_TST_BAT.o
Ini_SIMULATION_Thread                             .build/simul.o
Ini_Thread_MAIN                                   .build/MAIN_Thread.o
                                                  .build/PIXEL_TST_BAT.o
LowCellVoltage                                    .build/AKB_Ctrl.o
MCM_DOut                                          .build/MCM_Ctrl.o
MCM_request_DOut                                  .build/MCM_Ctrl.o
MutexTX                                           .build/MCM_Ctrl.o
RCColorGetColor                                   .build/RCColor.o
RCColorSetColor                                   .build/RCColor.o
RCTextGetText                                     .build/RCText.o
RelayIgnitionOn                                   .build/MAIN_Thread.o
SendRequest_BAT_ON_OFF                            .build/MAIN_Thread.o
SetDOut                                           .build/MCM_Ctrl.o
                                                  .build/MAIN_Thread.o
ShowCurrent                                       .build/AKB_Ctrl.o
ShowDischargeCap                                  .build/AKB_Ctrl.o
ShowFstUpdatCharge                                .build/AKB_Ctrl.o
ShowHiCellVoltage                                 .build/AKB_Ctrl.o
ShowLowCellVoltage                                .build/AKB_Ctrl.o
ShowPowerDisCharge                                .build/AKB_Ctrl.o
ShowVoltagLvl                                     .build/AKB_Ctrl.o
SwitchIgnition                                    .build/MAIN_Thread.o
Thread_AKB                                        .build/AKB_Ctrl.o
Thread_EngineInv                                  .build/EngineInv_Ctrl.o
Thread_MAIN                                       .build/MAIN_Thread.o
Thread_MCM                                        .build/MCM_Ctrl.o
Thread_SIMULATION                                 .build/simul.o
UserCCycle                                        .build/PIXEL_TST_BAT.o
UserCInit                                         .build/PIXEL_TST_BAT.o
UserCTimer                                        .build/PIXEL_TST_BAT.o
VertBars_Run                                      .build/VertBar.o
                                                  .build/MAIN_Thread.o
VoltagLvl                                         .build/AKB_Ctrl.o
WDT_LEDS                                          .build/AKB_Ctrl.o
_DYNAMIC                                          .build/__GS_driverapi.o
_GLOBAL_OFFSET_TABLE_                             .build/__GS_driverapi.o
                                                  .build/simul.o
                                                  .build/VertBar.o
                                                  .build/VechleIcons.o
                                                  .build/MAIN_Thread.o
                                                  .build/MCM_Ctrl.o
                                                  .build/EngineInv_Ctrl.o
                                                  .build/AKB_Ctrl.o
                                                  .build/RCText.o
                                                  .build/MCQ_dev.o
__addsf3                                          C:/PROGRA~2/GRAF-S~1/GSE-VISU//bin/compiler/arm-gcc/lib\libgcc.a(_addsubsf3.o)
                                                  .build/simul.o
__aeabi_cfcmpeq                                   C:/PROGRA~2/GRAF-S~1/GSE-VISU//bin/compiler/arm-gcc/lib\libgcc.a(_cmpsf2.o)
__aeabi_cfcmple                                   C:/PROGRA~2/GRAF-S~1/GSE-VISU//bin/compiler/arm-gcc/lib\libgcc.a(_cmpsf2.o)
__aeabi_cfrcmple                                  C:/PROGRA~2/GRAF-S~1/GSE-VISU//bin/compiler/arm-gcc/lib\libgcc.a(_cmpsf2.o)
__aeabi_f2iz                                      C:/PROGRA~2/GRAF-S~1/GSE-VISU//bin/compiler/arm-gcc/lib\libgcc.a(_fixsfsi.o)
__aeabi_f2uiz                                     C:/PROGRA~2/GRAF-S~1/GSE-VISU//bin/compiler/arm-gcc/lib\libgcc.a(_fixunssfsi.o)
__aeabi_fadd                                      C:/PROGRA~2/GRAF-S~1/GSE-VISU//bin/compiler/arm-gcc/lib\libgcc.a(_addsubsf3.o)
__aeabi_fcmpeq                                    C:/PROGRA~2/GRAF-S~1/GSE-VISU//bin/compiler/arm-gcc/lib\libgcc.a(_cmpsf2.o)
__aeabi_fcmpge                                    C:/PROGRA~2/GRAF-S~1/GSE-VISU//bin/compiler/arm-gcc/lib\libgcc.a(_cmpsf2.o)
__aeabi_fcmpgt                                    C:/PROGRA~2/GRAF-S~1/GSE-VISU//bin/compiler/arm-gcc/lib\libgcc.a(_cmpsf2.o)
__aeabi_fcmple                                    C:/PROGRA~2/GRAF-S~1/GSE-VISU//bin/compiler/arm-gcc/lib\libgcc.a(_cmpsf2.o)
__aeabi_fcmplt                                    C:/PROGRA~2/GRAF-S~1/GSE-VISU//bin/compiler/arm-gcc/lib\libgcc.a(_cmpsf2.o)
__aeabi_fdiv                                      C:/PROGRA~2/GRAF-S~1/GSE-VISU//bin/compiler/arm-gcc/lib\libgcc.a(_muldivsf3.o)
__aeabi_fmul                                      C:/PROGRA~2/GRAF-S~1/GSE-VISU//bin/compiler/arm-gcc/lib\libgcc.a(_muldivsf3.o)
__aeabi_frsub                                     C:/PROGRA~2/GRAF-S~1/GSE-VISU//bin/compiler/arm-gcc/lib\libgcc.a(_addsubsf3.o)
__aeabi_fsub                                      C:/PROGRA~2/GRAF-S~1/GSE-VISU//bin/compiler/arm-gcc/lib\libgcc.a(_addsubsf3.o)
__aeabi_i2f                                       C:/PROGRA~2/GRAF-S~1/GSE-VISU//bin/compiler/arm-gcc/lib\libgcc.a(_addsubsf3.o)
__aeabi_idiv                                      C:/PROGRA~2/GRAF-S~1/GSE-VISU//bin/compiler/arm-gcc/lib\libgcc.a(_divsi3.o)
__aeabi_idivmod                                   C:/PROGRA~2/GRAF-S~1/GSE-VISU//bin/compiler/arm-gcc/lib\libgcc.a(_divsi3.o)
__aeabi_l2f                                       C:/PROGRA~2/GRAF-S~1/GSE-VISU//bin/compiler/arm-gcc/lib\libgcc.a(_addsubsf3.o)
__aeabi_ui2f                                      C:/PROGRA~2/GRAF-S~1/GSE-VISU//bin/compiler/arm-gcc/lib\libgcc.a(_addsubsf3.o)
__aeabi_ul2f                                      C:/PROGRA~2/GRAF-S~1/GSE-VISU//bin/compiler/arm-gcc/lib\libgcc.a(_addsubsf3.o)
__cmpsf2                                          C:/PROGRA~2/GRAF-S~1/GSE-VISU//bin/compiler/arm-gcc/lib\libgcc.a(_cmpsf2.o)
__div0                                            C:/PROGRA~2/GRAF-S~1/GSE-VISU//bin/compiler/arm-gcc/lib\libgcc.a(_dvmd_nto.o)
                                                  C:/PROGRA~2/GRAF-S~1/GSE-VISU//bin/compiler/arm-gcc/lib\libgcc.a(_divsi3.o)
__divsf3                                          C:/PROGRA~2/GRAF-S~1/GSE-VISU//bin/compiler/arm-gcc/lib\libgcc.a(_muldivsf3.o)
                                                  .build/simul.o
                                                  .build/AKB_Ctrl.o
__divsi3                                          C:/PROGRA~2/GRAF-S~1/GSE-VISU//bin/compiler/arm-gcc/lib\libgcc.a(_divsi3.o)
                                                  .build/VertBar.o
__eqsf2                                           C:/PROGRA~2/GRAF-S~1/GSE-VISU//bin/compiler/arm-gcc/lib\libgcc.a(_cmpsf2.o)
__fixsfsi                                         C:/PROGRA~2/GRAF-S~1/GSE-VISU//bin/compiler/arm-gcc/lib\libgcc.a(_fixsfsi.o)
                                                  .build/simul.o
                                                  .build/AKB_Ctrl.o
__fixunssfsi                                      C:/PROGRA~2/GRAF-S~1/GSE-VISU//bin/compiler/arm-gcc/lib\libgcc.a(_fixunssfsi.o)
                                                  .build/simul.o
__floatdisf                                       C:/PROGRA~2/GRAF-S~1/GSE-VISU//bin/compiler/arm-gcc/lib\libgcc.a(_addsubsf3.o)
__floatsisf                                       C:/PROGRA~2/GRAF-S~1/GSE-VISU//bin/compiler/arm-gcc/lib\libgcc.a(_addsubsf3.o)
                                                  .build/simul.o
__floatundisf                                     C:/PROGRA~2/GRAF-S~1/GSE-VISU//bin/compiler/arm-gcc/lib\libgcc.a(_addsubsf3.o)
__floatunsisf                                     C:/PROGRA~2/GRAF-S~1/GSE-VISU//bin/compiler/arm-gcc/lib\libgcc.a(_addsubsf3.o)
                                                  .build/AKB_Ctrl.o
__gesf2                                           C:/PROGRA~2/GRAF-S~1/GSE-VISU//bin/compiler/arm-gcc/lib\libgcc.a(_cmpsf2.o)
__get_errno_ptr                                   ./SYS\libUserCAPIS.a(UserCAPI.o)
__gs__funcs_event                                 .build/__GS_driverapi.o
__gs__funcs_preinit                               .build/__GS_driverapi.o
__gtsf2                                           C:/PROGRA~2/GRAF-S~1/GSE-VISU//bin/compiler/arm-gcc/lib\libgcc.a(_cmpsf2.o)
                                                  .build/simul.o
__lesf2                                           C:/PROGRA~2/GRAF-S~1/GSE-VISU//bin/compiler/arm-gcc/lib\libgcc.a(_cmpsf2.o)
__ltsf2                                           C:/PROGRA~2/GRAF-S~1/GSE-VISU//bin/compiler/arm-gcc/lib\libgcc.a(_cmpsf2.o)
                                                  .build/simul.o
                                                  .build/AKB_Ctrl.o
__mulsf3                                          C:/PROGRA~2/GRAF-S~1/GSE-VISU//bin/compiler/arm-gcc/lib\libgcc.a(_muldivsf3.o)
                                                  .build/simul.o
                                                  .build/AKB_Ctrl.o
__nesf2                                           C:/PROGRA~2/GRAF-S~1/GSE-VISU//bin/compiler/arm-gcc/lib\libgcc.a(_cmpsf2.o)
__subsf3                                          C:/PROGRA~2/GRAF-S~1/GSE-VISU//bin/compiler/arm-gcc/lib\libgcc.a(_addsubsf3.o)
                                                  .build/simul.o
                                                  .build/AKB_Ctrl.o
_gs_CAN0_TxExt                                    .build/MCQ_dev.o
_gs_CAN0_TxId                                     .build/MCQ_dev.o
_gs_CAN1_TxExt                                    .build/MCQ_dev.o
_gs_CAN1_TxId                                     .build/MCQ_dev.o
_gs_api_AddLogMessage                             ./SYS\libUserCAPIS.a(UserCAPI.o)
_gs_api_AddLogMessageTrampoline                   ./SYS\libUserCAPIS.a(UserCAPI.o)
_gs_api_AddLogVariable                            ./SYS\libUserCAPIS.a(UserCAPI.o)
_gs_api_AddLogVariableTrampoline                  ./SYS\libUserCAPIS.a(UserCAPI.o)
_gs_api_CANAddRxFilterCallBack                    ./SYS\libUserCAPIS.a(UserCAPI.o)
_gs_api_CANAddRxFilterCallBackTrampoline          ./SYS\libUserCAPIS.a(UserCAPI.o)
_gs_api_CANAddRxFilterFiFo                        ./SYS\libUserCAPIS.a(UserCAPI.o)
_gs_api_CANAddRxFilterFiFoTrampoline              ./SYS\libUserCAPIS.a(UserCAPI.o)
                                                  .build/MCM_Ctrl.o
                                                  .build/EngineInv_Ctrl.o
                                                  .build/AKB_Ctrl.o
_gs_api_CANCreateFiFo                             ./SYS\libUserCAPIS.a(UserCAPI.o)
_gs_api_CANCreateFiFoTrampoline                   ./SYS\libUserCAPIS.a(UserCAPI.o)
                                                  .build/MCM_Ctrl.o
                                                  .build/EngineInv_Ctrl.o
                                                  .build/AKB_Ctrl.o
_gs_api_CANReadFiFo                               ./SYS\libUserCAPIS.a(UserCAPI.o)
_gs_api_CANReadFiFoTrampoline                     ./SYS\libUserCAPIS.a(UserCAPI.o)
                                                  .build/MCM_Ctrl.o
                                                  .build/EngineInv_Ctrl.o
                                                  .build/AKB_Ctrl.o
_gs_api_CANReadFiFoWait                           ./SYS\libUserCAPIS.a(UserCAPI.o)
_gs_api_CANReadFiFoWaitTo                         ./SYS\libUserCAPIS.a(UserCAPI.o)
_gs_api_CANReadFiFoWaitToTrampoline               ./SYS\libUserCAPIS.a(UserCAPI.o)
_gs_api_CANReadFiFoWaitTrampoline                 ./SYS\libUserCAPIS.a(UserCAPI.o)
_gs_api_CANRemoveCallBack                         ./SYS\libUserCAPIS.a(UserCAPI.o)
_gs_api_CANRemoveCallBackTrampoline               ./SYS\libUserCAPIS.a(UserCAPI.o)
_gs_api_CANRemoveFiFo                             ./SYS\libUserCAPIS.a(UserCAPI.o)
_gs_api_CANRemoveFiFoTrampoline                   ./SYS\libUserCAPIS.a(UserCAPI.o)
_gs_api_CANSendMsg                                ./SYS\libUserCAPIS.a(UserCAPI.o)
_gs_api_CANSendMsgTrampoline                      ./SYS\libUserCAPIS.a(UserCAPI.o)
                                                  .build/MAIN_Thread.o
                                                  .build/MCM_Ctrl.o
                                                  .build/MCQ_dev.o
_gs_api_CANSendMsgWait                            ./SYS\libUserCAPIS.a(UserCAPI.o)
_gs_api_CANSendMsgWaitTrampoline                  ./SYS\libUserCAPIS.a(UserCAPI.o)
_gs_api_ConfigGetInt                              ./SYS\libUserCAPIS.a(UserCAPI.o)
_gs_api_ConfigGetIntTrampoline                    ./SYS\libUserCAPIS.a(UserCAPI.o)
                                                  .build/MCQ_dev.o
_gs_api_ConfigGetString                           ./SYS\libUserCAPIS.a(UserCAPI.o)
_gs_api_ConfigGetStringTrampoline                 ./SYS\libUserCAPIS.a(UserCAPI.o)
_gs_api_ConfigSetInt                              ./SYS\libUserCAPIS.a(UserCAPI.o)
_gs_api_ConfigSetIntTrampoline                    ./SYS\libUserCAPIS.a(UserCAPI.o)
_gs_api_ConfigSetString                           ./SYS\libUserCAPIS.a(UserCAPI.o)
_gs_api_ConfigSetStringTrampoline                 ./SYS\libUserCAPIS.a(UserCAPI.o)
_gs_api_CopyFile                                  ./SYS\libUserCAPIS.a(UserCAPI.o)
_gs_api_CopyFileTrampoline                        ./SYS\libUserCAPIS.a(UserCAPI.o)
_gs_api_DirClose                                  ./SYS\libUserCAPIS.a(UserCAPI.o)
_gs_api_DirCloseTrampoline                        ./SYS\libUserCAPIS.a(UserCAPI.o)
_gs_api_DirOpen                                   ./SYS\libUserCAPIS.a(UserCAPI.o)
_gs_api_DirOpenTrampoline                         ./SYS\libUserCAPIS.a(UserCAPI.o)
_gs_api_DirRead                                   ./SYS\libUserCAPIS.a(UserCAPI.o)
_gs_api_DirReadTrampoline                         ./SYS\libUserCAPIS.a(UserCAPI.o)
_gs_api_FileClose                                 ./SYS\libUserCAPIS.a(UserCAPI.o)
_gs_api_FileCloseTrampoline                       ./SYS\libUserCAPIS.a(UserCAPI.o)
_gs_api_FileGets                                  ./SYS\libUserCAPIS.a(UserCAPI.o)
_gs_api_FileGetsTrampoline                        ./SYS\libUserCAPIS.a(UserCAPI.o)
_gs_api_FileOpen                                  ./SYS\libUserCAPIS.a(UserCAPI.o)
_gs_api_FileOpenTrampoline                        ./SYS\libUserCAPIS.a(UserCAPI.o)
_gs_api_FilePrintf                                ./SYS\libUserCAPIS.a(UserCAPI.o)
_gs_api_FilePrintfTrampoline                      ./SYS\libUserCAPIS.a(UserCAPI.o)
_gs_api_FilePuts                                  ./SYS\libUserCAPIS.a(UserCAPI.o)
_gs_api_FilePutsTrampoline                        ./SYS\libUserCAPIS.a(UserCAPI.o)
_gs_api_FileRead                                  ./SYS\libUserCAPIS.a(UserCAPI.o)
_gs_api_FileReadTrampoline                        ./SYS\libUserCAPIS.a(UserCAPI.o)
_gs_api_FileRename                                ./SYS\libUserCAPIS.a(UserCAPI.o)
_gs_api_FileRenameTrampoline                      ./SYS\libUserCAPIS.a(UserCAPI.o)
_gs_api_FileSeek                                  ./SYS\libUserCAPIS.a(UserCAPI.o)
_gs_api_FileSeekTrampoline                        ./SYS\libUserCAPIS.a(UserCAPI.o)
_gs_api_FileSize                                  ./SYS\libUserCAPIS.a(UserCAPI.o)
_gs_api_FileSizeTrampoline                        ./SYS\libUserCAPIS.a(UserCAPI.o)
_gs_api_FileSync                                  ./SYS\libUserCAPIS.a(UserCAPI.o)
_gs_api_FileSyncTrampoline                        ./SYS\libUserCAPIS.a(UserCAPI.o)
_gs_api_FileTell                                  ./SYS\libUserCAPIS.a(UserCAPI.o)
_gs_api_FileTellTrampoline                        ./SYS\libUserCAPIS.a(UserCAPI.o)
_gs_api_FileUnlink                                ./SYS\libUserCAPIS.a(UserCAPI.o)
_gs_api_FileUnlinkTrampoline                      ./SYS\libUserCAPIS.a(UserCAPI.o)
_gs_api_FileVPrintf                               ./SYS\libUserCAPIS.a(UserCAPI.o)
_gs_api_FileVPrintfTrampoline                     ./SYS\libUserCAPIS.a(UserCAPI.o)
_gs_api_FileWrite                                 ./SYS\libUserCAPIS.a(UserCAPI.o)
_gs_api_FileWriteTrampoline                       ./SYS\libUserCAPIS.a(UserCAPI.o)
_gs_api_GetAnalogInput                            ./SYS\libUserCAPIS.a(UserCAPI.o)
_gs_api_GetAnalogInputStatus                      ./SYS\libUserCAPIS.a(UserCAPI.o)
_gs_api_GetAnalogInputStatusTrampoline            ./SYS\libUserCAPIS.a(UserCAPI.o)
_gs_api_GetAnalogInputTrampoline                  ./SYS\libUserCAPIS.a(UserCAPI.o)
_gs_api_GetAnalogInputType                        ./SYS\libUserCAPIS.a(UserCAPI.o)
_gs_api_GetAnalogInputTypeTrampoline              ./SYS\libUserCAPIS.a(UserCAPI.o)
_gs_api_GetCounterInput                           ./SYS\libUserCAPIS.a(UserCAPI.o)
_gs_api_GetCounterInputTrampoline                 ./SYS\libUserCAPIS.a(UserCAPI.o)
_gs_api_GetCurrentMaskShown                       ./SYS\libUserCAPIS.a(UserCAPI.o)
_gs_api_GetCurrentMaskShownTrampoline             ./SYS\libUserCAPIS.a(UserCAPI.o)
_gs_api_GetCurrentMsgContainerShown               ./SYS\libUserCAPIS.a(UserCAPI.o)
_gs_api_GetCurrentMsgContainerShownTrampoline     ./SYS\libUserCAPIS.a(UserCAPI.o)
_gs_api_GetDigitalInput                           ./SYS\libUserCAPIS.a(UserCAPI.o)
_gs_api_GetDigitalInputTrampoline                 ./SYS\libUserCAPIS.a(UserCAPI.o)
_gs_api_GetDigitalOutput                          ./SYS\libUserCAPIS.a(UserCAPI.o)
_gs_api_GetDigitalOutputStatus                    ./SYS\libUserCAPIS.a(UserCAPI.o)
_gs_api_GetDigitalOutputStatusTrampoline          ./SYS\libUserCAPIS.a(UserCAPI.o)
_gs_api_GetDigitalOutputTrampoline                ./SYS\libUserCAPIS.a(UserCAPI.o)
_gs_api_GetFrequencyInput                         ./SYS\libUserCAPIS.a(UserCAPI.o)
_gs_api_GetFrequencyInputTrampoline               ./SYS\libUserCAPIS.a(UserCAPI.o)
_gs_api_GetMSTick                                 ./SYS\libUserCAPIS.a(UserCAPI.o)
_gs_api_GetMSTickTrampoline                       ./SYS\libUserCAPIS.a(UserCAPI.o)
_gs_api_GetResDataBase                            ./SYS\libUserCAPIS.a(UserCAPI.o)
_gs_api_GetResDataBaseTrampoline                  ./SYS\libUserCAPIS.a(UserCAPI.o)
                                                  .build/RCText.o
_gs_api_GetVar                                    ./SYS\libUserCAPIS.a(UserCAPI.o)
_gs_api_GetVarFloat                               ./SYS\libUserCAPIS.a(UserCAPI.o)
_gs_api_GetVarFloatTrampoline                     ./SYS\libUserCAPIS.a(UserCAPI.o)
_gs_api_GetVarHandle                              ./SYS\libUserCAPIS.a(UserCAPI.o)
_gs_api_GetVarHandleTrampoline                    ./SYS\libUserCAPIS.a(UserCAPI.o)
_gs_api_GetVarIndex                               ./SYS\libUserCAPIS.a(UserCAPI.o)
_gs_api_GetVarIndexTrampoline                     ./SYS\libUserCAPIS.a(UserCAPI.o)
_gs_api_GetVarIndexed                             ./SYS\libUserCAPIS.a(UserCAPI.o)
_gs_api_GetVarIndexedTrampoline                   ./SYS\libUserCAPIS.a(UserCAPI.o)
_gs_api_GetVarTrampoline                          ./SYS\libUserCAPIS.a(UserCAPI.o)
                                                  .build/VertBar.o
                                                  .build/MAIN_Thread.o
                                                  .build/EngineInv_Ctrl.o
_gs_api_GetVisObjData                             ./SYS\libUserCAPIS.a(UserCAPI.o)
_gs_api_GetVisObjDataTrampoline                   ./SYS\libUserCAPIS.a(UserCAPI.o)
_gs_api_GetVisibleInfoContainers                  ./SYS\libUserCAPIS.a(UserCAPI.o)
_gs_api_GetVisibleInfoContainersTrampoline        ./SYS\libUserCAPIS.a(UserCAPI.o)
_gs_api_GetVisibleVarsIndieces                    ./SYS\libUserCAPIS.a(UserCAPI.o)
_gs_api_GetVisibleVarsIndiecesTrampoline          ./SYS\libUserCAPIS.a(UserCAPI.o)
_gs_api_HourCounterGet                            ./SYS\libUserCAPIS.a(UserCAPI.o)
_gs_api_HourCounterGetTrampoline                  ./SYS\libUserCAPIS.a(UserCAPI.o)
_gs_api_HourCounterSet                            ./SYS\libUserCAPIS.a(UserCAPI.o)
_gs_api_HourCounterSetTrampoline                  ./SYS\libUserCAPIS.a(UserCAPI.o)
_gs_api_HourCounterStart                          ./SYS\libUserCAPIS.a(UserCAPI.o)
_gs_api_HourCounterStartTrampoline                ./SYS\libUserCAPIS.a(UserCAPI.o)
_gs_api_HourCounterStop                           ./SYS\libUserCAPIS.a(UserCAPI.o)
_gs_api_HourCounterStopTrampoline                 ./SYS\libUserCAPIS.a(UserCAPI.o)
_gs_api_InfoContainerOff                          ./SYS\libUserCAPIS.a(UserCAPI.o)
_gs_api_InfoContainerOffTrampoline                ./SYS\libUserCAPIS.a(UserCAPI.o)
_gs_api_InfoContainerOn                           ./SYS\libUserCAPIS.a(UserCAPI.o)
_gs_api_InfoContainerOnPos                        ./SYS\libUserCAPIS.a(UserCAPI.o)
_gs_api_InfoContainerOnPosTrampoline              ./SYS\libUserCAPIS.a(UserCAPI.o)
_gs_api_InfoContainerOnTrampoline                 ./SYS\libUserCAPIS.a(UserCAPI.o)
_gs_api_IsAnyKeyDown                              ./SYS\libUserCAPIS.a(UserCAPI.o)
_gs_api_IsAnyKeyDownTrampoline                    ./SYS\libUserCAPIS.a(UserCAPI.o)
_gs_api_IsHourCounterOn                           ./SYS\libUserCAPIS.a(UserCAPI.o)
_gs_api_IsHourCounterOnTrampoline                 ./SYS\libUserCAPIS.a(UserCAPI.o)
_gs_api_IsInfoContainerOn                         ./SYS\libUserCAPIS.a(UserCAPI.o)
_gs_api_IsInfoContainerOnTrampoline               ./SYS\libUserCAPIS.a(UserCAPI.o)
_gs_api_IsKeyDown                                 ./SYS\libUserCAPIS.a(UserCAPI.o)
_gs_api_IsKeyDownTrampoline                       ./SYS\libUserCAPIS.a(UserCAPI.o)
_gs_api_IsKeyPressedNew                           ./SYS\libUserCAPIS.a(UserCAPI.o)
_gs_api_IsKeyPressedNewTrampoline                 ./SYS\libUserCAPIS.a(UserCAPI.o)
_gs_api_IsKeyReleasedNew                          ./SYS\libUserCAPIS.a(UserCAPI.o)
_gs_api_IsKeyReleasedNewTrampoline                ./SYS\libUserCAPIS.a(UserCAPI.o)
_gs_api_IsMaskOn                                  ./SYS\libUserCAPIS.a(UserCAPI.o)
_gs_api_IsMaskOnTrampoline                        ./SYS\libUserCAPIS.a(UserCAPI.o)
_gs_api_IsMsgContainerOn                          ./SYS\libUserCAPIS.a(UserCAPI.o)
_gs_api_IsMsgContainerOnTrampoline                ./SYS\libUserCAPIS.a(UserCAPI.o)
_gs_api_IsTimerOff                                ./SYS\libUserCAPIS.a(UserCAPI.o)
_gs_api_IsTimerOffTrampoline                      ./SYS\libUserCAPIS.a(UserCAPI.o)
_gs_api_IsTimerOn                                 ./SYS\libUserCAPIS.a(UserCAPI.o)
_gs_api_IsTimerOnTrampoline                       ./SYS\libUserCAPIS.a(UserCAPI.o)
_gs_api_LoadParameterSet                          ./SYS\libUserCAPIS.a(UserCAPI.o)
_gs_api_LoadParameterSetTrampoline                ./SYS\libUserCAPIS.a(UserCAPI.o)
_gs_api_MakeDir                                   ./SYS\libUserCAPIS.a(UserCAPI.o)
_gs_api_MakeDirTrampoline                         ./SYS\libUserCAPIS.a(UserCAPI.o)
_gs_api_MaskOff                                   ./SYS\libUserCAPIS.a(UserCAPI.o)
_gs_api_MaskOffTrampoline                         ./SYS\libUserCAPIS.a(UserCAPI.o)
                                                  .build/PIXEL_TST_BAT.o
_gs_api_MaskOn                                    ./SYS\libUserCAPIS.a(UserCAPI.o)
_gs_api_MaskOnTrampoline                          ./SYS\libUserCAPIS.a(UserCAPI.o)
                                                  .build/PIXEL_TST_BAT.o
_gs_api_MsgContainerOff                           ./SYS\libUserCAPIS.a(UserCAPI.o)
_gs_api_MsgContainerOffTrampoline                 ./SYS\libUserCAPIS.a(UserCAPI.o)
_gs_api_MsgContainerOn                            ./SYS\libUserCAPIS.a(UserCAPI.o)
_gs_api_MsgContainerOnPos                         ./SYS\libUserCAPIS.a(UserCAPI.o)
_gs_api_MsgContainerOnPosTrampoline               ./SYS\libUserCAPIS.a(UserCAPI.o)
_gs_api_MsgContainerOnTrampoline                  ./SYS\libUserCAPIS.a(UserCAPI.o)
_gs_api_PowerCommand                              ./SYS\libUserCAPIS.a(UserCAPI.o)
_gs_api_PowerCommandTrampoline                    ./SYS\libUserCAPIS.a(UserCAPI.o)
_gs_api_PrintToDebug                              ./SYS\libUserCAPIS.a(UserCAPI.o)
_gs_api_PrintToDebugTrampoline                    ./SYS\libUserCAPIS.a(UserCAPI.o)
_gs_api_PrioMaskOn                                ./SYS\libUserCAPIS.a(UserCAPI.o)
_gs_api_PrioMaskOnTrampoline                      ./SYS\libUserCAPIS.a(UserCAPI.o)
_gs_api_ProcessMaskContainerRequests              ./SYS\libUserCAPIS.a(UserCAPI.o)
_gs_api_ProcessMaskContainerRequestsTrampoline    ./SYS\libUserCAPIS.a(UserCAPI.o)
_gs_api_RTCGetDate                                ./SYS\libUserCAPIS.a(UserCAPI.o)
_gs_api_RTCGetDateTrampoline                      ./SYS\libUserCAPIS.a(UserCAPI.o)
_gs_api_RTCGetTime                                ./SYS\libUserCAPIS.a(UserCAPI.o)
_gs_api_RTCGetTimeTrampoline                      ./SYS\libUserCAPIS.a(UserCAPI.o)
_gs_api_RTCSetDate                                ./SYS\libUserCAPIS.a(UserCAPI.o)
_gs_api_RTCSetDateTrampoline                      ./SYS\libUserCAPIS.a(UserCAPI.o)
_gs_api_RTCSetTime                                ./SYS\libUserCAPIS.a(UserCAPI.o)
_gs_api_RTCSetTimeTrampoline                      ./SYS\libUserCAPIS.a(UserCAPI.o)
_gs_api_RaiseUserCEvent                           ./SYS\libUserCAPIS.a(UserCAPI.o)
_gs_api_RaiseUserCEventTrampoline                 ./SYS\libUserCAPIS.a(UserCAPI.o)
_gs_api_RemanentMemoryAttach                      ./SYS\libUserCAPIS.a(UserCAPI.o)
_gs_api_RemanentMemoryAttachId                    ./SYS\libUserCAPIS.a(UserCAPI.o)
_gs_api_RemanentMemoryAttachIdTrampoline          ./SYS\libUserCAPIS.a(UserCAPI.o)
_gs_api_RemanentMemoryAttachTrampoline            ./SYS\libUserCAPIS.a(UserCAPI.o)
_gs_api_RemanentMemoryChanged                     ./SYS\libUserCAPIS.a(UserCAPI.o)
_gs_api_RemanentMemoryChangedId                   ./SYS\libUserCAPIS.a(UserCAPI.o)
_gs_api_RemanentMemoryChangedIdTrampoline         ./SYS\libUserCAPIS.a(UserCAPI.o)
_gs_api_RemanentMemoryChangedTrampoline           ./SYS\libUserCAPIS.a(UserCAPI.o)
_gs_api_RemoveDir                                 ./SYS\libUserCAPIS.a(UserCAPI.o)
_gs_api_RemoveDirTrampoline                       ./SYS\libUserCAPIS.a(UserCAPI.o)
_gs_api_SaveParameterSet                          ./SYS\libUserCAPIS.a(UserCAPI.o)
_gs_api_SaveParameterSetTrampoline                ./SYS\libUserCAPIS.a(UserCAPI.o)
_gs_api_Screenshot                                ./SYS\libUserCAPIS.a(UserCAPI.o)
_gs_api_ScreenshotTrampoline                      ./SYS\libUserCAPIS.a(UserCAPI.o)
_gs_api_SendKey                                   ./SYS\libUserCAPIS.a(UserCAPI.o)
_gs_api_SendKeyToVisu                             ./SYS\libUserCAPIS.a(UserCAPI.o)
_gs_api_SendKeyToVisuTrampoline                   ./SYS\libUserCAPIS.a(UserCAPI.o)
_gs_api_SendKeyTrampoline                         ./SYS\libUserCAPIS.a(UserCAPI.o)
_gs_api_SendToVisuObj                             ./SYS\libUserCAPIS.a(UserCAPI.o)
_gs_api_SendToVisuObjTrampoline                   ./SYS\libUserCAPIS.a(UserCAPI.o)
_gs_api_SendTouch                                 ./SYS\libUserCAPIS.a(UserCAPI.o)
_gs_api_SendTouchTrampoline                       ./SYS\libUserCAPIS.a(UserCAPI.o)
_gs_api_SerialRecv                                ./SYS\libUserCAPIS.a(UserCAPI.o)
_gs_api_SerialRecvTrampoline                      ./SYS\libUserCAPIS.a(UserCAPI.o)
_gs_api_SerialSend                                ./SYS\libUserCAPIS.a(UserCAPI.o)
_gs_api_SerialSendTrampoline                      ./SYS\libUserCAPIS.a(UserCAPI.o)
_gs_api_SetAnalogInputType                        ./SYS\libUserCAPIS.a(UserCAPI.o)
_gs_api_SetAnalogInputTypeTrampoline              ./SYS\libUserCAPIS.a(UserCAPI.o)
_gs_api_SetAnalogOutput                           ./SYS\libUserCAPIS.a(UserCAPI.o)
_gs_api_SetAnalogOutputTrampoline                 ./SYS\libUserCAPIS.a(UserCAPI.o)
_gs_api_SetBuzzer                                 ./SYS\libUserCAPIS.a(UserCAPI.o)
_gs_api_SetBuzzerTrampoline                       ./SYS\libUserCAPIS.a(UserCAPI.o)
_gs_api_SetDebugWindow                            ./SYS\libUserCAPIS.a(UserCAPI.o)
_gs_api_SetDebugWindowTrampoline                  ./SYS\libUserCAPIS.a(UserCAPI.o)
_gs_api_SetDigitalOutput                          ./SYS\libUserCAPIS.a(UserCAPI.o)
_gs_api_SetDigitalOutputTrampoline                ./SYS\libUserCAPIS.a(UserCAPI.o)
_gs_api_SetDisplayBacklight                       ./SYS\libUserCAPIS.a(UserCAPI.o)
_gs_api_SetDisplayBacklightTrampoline             ./SYS\libUserCAPIS.a(UserCAPI.o)
_gs_api_SetKeyBacklight                           ./SYS\libUserCAPIS.a(UserCAPI.o)
_gs_api_SetKeyBacklightColor                      ./SYS\libUserCAPIS.a(UserCAPI.o)
_gs_api_SetKeyBacklightColorTrampoline            ./SYS\libUserCAPIS.a(UserCAPI.o)
_gs_api_SetKeyBacklightTrampoline                 ./SYS\libUserCAPIS.a(UserCAPI.o)
_gs_api_SetPWMOutput                              ./SYS\libUserCAPIS.a(UserCAPI.o)
_gs_api_SetPWMOutputTrampoline                    ./SYS\libUserCAPIS.a(UserCAPI.o)
_gs_api_SetProjectUpdate                          ./SYS\libUserCAPIS.a(UserCAPI.o)
_gs_api_SetProjectUpdateTrampoline                ./SYS\libUserCAPIS.a(UserCAPI.o)
_gs_api_SetTimer                                  ./SYS\libUserCAPIS.a(UserCAPI.o)
_gs_api_SetTimerTrampoline                        ./SYS\libUserCAPIS.a(UserCAPI.o)
_gs_api_SetVar                                    ./SYS\libUserCAPIS.a(UserCAPI.o)
_gs_api_SetVarFloat                               ./SYS\libUserCAPIS.a(UserCAPI.o)
_gs_api_SetVarFloatTrampoline                     ./SYS\libUserCAPIS.a(UserCAPI.o)
_gs_api_SetVarIndexed                             ./SYS\libUserCAPIS.a(UserCAPI.o)
_gs_api_SetVarIndexedTrampoline                   ./SYS\libUserCAPIS.a(UserCAPI.o)
_gs_api_SetVarTrampoline                          ./SYS\libUserCAPIS.a(UserCAPI.o)
                                                  .build/VertBar.o
                                                  .build/VechleIcons.o
                                                  .build/MAIN_Thread.o
                                                  .build/MCM_Ctrl.o
                                                  .build/EngineInv_Ctrl.o
                                                  .build/AKB_Ctrl.o
_gs_api_SetVideoInDestinationViewport             ./SYS\libUserCAPIS.a(UserCAPI.o)
_gs_api_SetVideoInDestinationViewportTrampoline   ./SYS\libUserCAPIS.a(UserCAPI.o)
_gs_api_SetVideoInOnOff                           ./SYS\libUserCAPIS.a(UserCAPI.o)
_gs_api_SetVideoInOnOffTrampoline                 ./SYS\libUserCAPIS.a(UserCAPI.o)
_gs_api_SetVideoInParam                           ./SYS\libUserCAPIS.a(UserCAPI.o)
_gs_api_SetVideoInParamTrampoline                 ./SYS\libUserCAPIS.a(UserCAPI.o)
_gs_api_SetVideoInSourceViewport                  ./SYS\libUserCAPIS.a(UserCAPI.o)
_gs_api_SetVideoInSourceViewportTrampoline        ./SYS\libUserCAPIS.a(UserCAPI.o)
_gs_api_SetVisObjData                             ./SYS\libUserCAPIS.a(UserCAPI.o)
_gs_api_SetVisObjDataTrampoline                   ./SYS\libUserCAPIS.a(UserCAPI.o)
_gs_api_USBGetFreeSpace                           ./SYS\libUserCAPIS.a(UserCAPI.o)
_gs_api_USBGetFreeSpaceTrampoline                 ./SYS\libUserCAPIS.a(UserCAPI.o)
_gs_api_USBUnmountStick                           ./SYS\libUserCAPIS.a(UserCAPI.o)
_gs_api_USBUnmountStickTrampoline                 ./SYS\libUserCAPIS.a(UserCAPI.o)
_gs_api_VPrintToDebug                             ./SYS\libUserCAPIS.a(UserCAPI.o)
_gs_api_VPrintToDebugTrampoline                   ./SYS\libUserCAPIS.a(UserCAPI.o)
_gs_api_VarDisableEvent                           ./SYS\libUserCAPIS.a(UserCAPI.o)
_gs_api_VarDisableEventTrampoline                 ./SYS\libUserCAPIS.a(UserCAPI.o)
_gs_api_VarEnableEvent                            ./SYS\libUserCAPIS.a(UserCAPI.o)
_gs_api_VarEnableEventTrampoline                  ./SYS\libUserCAPIS.a(UserCAPI.o)
_gs_api_VarIsEventEnabled                         ./SYS\libUserCAPIS.a(UserCAPI.o)
_gs_api_VarIsEventEnabledTrampoline               ./SYS\libUserCAPIS.a(UserCAPI.o)
_gs_api_strcmpi                                   ./SYS\libUserCAPIS.a(UserCAPI.o)
_gs_api_strcmpiTrampoline                         ./SYS\libUserCAPIS.a(UserCAPI.o)
_gs_api_stricmp                                   ./SYS\libUserCAPIS.a(UserCAPI.o)
_gs_api_stricmpTrampoline                         ./SYS\libUserCAPIS.a(UserCAPI.o)
_gs_api_strnicmp                                  ./SYS\libUserCAPIS.a(UserCAPI.o)
_gs_api_strnicmpTrampoline                        ./SYS\libUserCAPIS.a(UserCAPI.o)
_gs_event_keytelegram_event                       .build/MCQ_dev.o
                                                  .build/__GS_driverapi.o
_gs_event_keytelegram_preinit                     .build/MCQ_dev.o
                                                  .build/__GS_driverapi.o
_gs_priv_DhOhfFreErnqZft                          ./SYS\libUserCAPIS.a(UserCAPI.o)
_gs_priv_DhOhfFreErnqZftTrampoline                ./SYS\libUserCAPIS.a(UserCAPI.o)
_gs_priv_DhOhfFreJevgrZft                         ./SYS\libUserCAPIS.a(UserCAPI.o)
_gs_priv_DhOhfFreJevgrZftTrampoline               ./SYS\libUserCAPIS.a(UserCAPI.o)
_gs_priv_ErnqFlfRRCEBZ                            ./SYS\libUserCAPIS.a(UserCAPI.o)
_gs_priv_ErnqFlfRRCEBZTrampoline                  ./SYS\libUserCAPIS.a(UserCAPI.o)
_gs_priv_JevgrFlfRRCEBZ                           ./SYS\libUserCAPIS.a(UserCAPI.o)
_gs_priv_JevgrFlfRRCEBZTrampoline                 ./SYS\libUserCAPIS.a(UserCAPI.o)
_gs_prjusercinfo_mContInfo                        .build/gdsPrjUserCInfo_CM.o
_gs_prjusercinfo_mContInfoSize                    .build/gdsPrjUserCInfo_CM.o
_gs_prjusercinfo_mMaskInfo                        .build/gdsPrjUserCInfo_CM.o
_gs_prjusercinfo_mMaskInfoSize                    .build/gdsPrjUserCInfo_CM.o
_gs_prjusercinfo_mVarInfo                         .build/gdsPrjUserCInfo_VR.o
_gs_prjusercinfo_mVarInfoSize                     .build/gdsPrjUserCInfo_VR.o
_gs_usercapi_errno_dummy                          ./SYS\libUserCAPIS.a(UserCAPI.o)
approx                                            .build/EngineInv_Ctrl.o
buff                                              .build/MCM_Ctrl.o
                                                  .build/EngineInv_Ctrl.o
                                                  .build/AKB_Ctrl.o
                                                  .build/PIXEL_TST_BAT.o
buffSim                                           .build/simul.o
dInc                                              .build/simul.o
div                                               .build/simul.o
divII                                             .build/simul.o
free                                              ./SYS\libgsThreadS.a(gsThread.o)
gsThreadCancel                                    ./SYS\libgsThreadS.a(gsThread.o)
gsThreadCreate                                    ./SYS\libgsThreadS.a(gsThread.o)
                                                  .build/simul.o
                                                  .build/MAIN_Thread.o
                                                  .build/MCM_Ctrl.o
                                                  .build/EngineInv_Ctrl.o
                                                  .build/AKB_Ctrl.o
gsThreadExit                                      ./SYS\libgsThreadS.a(gsThread.o)
gsThreadJoin                                      ./SYS\libgsThreadS.a(gsThread.o)
gsThreadMutexDestroy                              ./SYS\libgsThreadS.a(gsThread.o)
gsThreadMutexInit                                 ./SYS\libgsThreadS.a(gsThread.o)
                                                  .build/simul.o
gsThreadMutexLock                                 ./SYS\libgsThreadS.a(gsThread.o)
gsThreadMutexTrylock                              ./SYS\libgsThreadS.a(gsThread.o)
                                                  .build/simul.o
gsThreadMutexUnlock                               ./SYS\libgsThreadS.a(gsThread.o)
                                                  .build/simul.o
gsThreadTestCancel                                ./SYS\libgsThreadS.a(gsThread.o)
id_AKBThread                                      .build/AKB_Ctrl.o
id_EngInvThread                                   .build/EngineInv_Ctrl.o
id_MAIN_Thread                                    .build/MAIN_Thread.o
id_MCMThread                                      .build/MCM_Ctrl.o
id_SIMULATIONThread                               .build/simul.o
ign                                               .build/simul.o
inc_dec                                           .build/simul.o
inc_dec_II                                        .build/simul.o
invErr                                            .build/simul.o
invTerm                                           .build/simul.o
invWarn                                           .build/simul.o
keyConfTable1                                     .build/MCQ_dev.o
keyConfTable2                                     .build/MCQ_dev.o
malloc                                            ./SYS\libgsThreadS.a(gsThread.o)
memset                                            .build/MAIN_Thread.o
mtx                                               .build/simul.o
                                                  .build/PIXEL_TST_BAT.o
parseInvert                                       .build/EngineInv_Ctrl.o
parseMCM                                          .build/MCM_Ctrl.o
parsePGN                                          .build/AKB_Ctrl.o
pthread_cancel                                    ./SYS\libgsThreadS.a(gsThread.o)
pthread_create                                    ./SYS\libgsThreadS.a(gsThread.o)
pthread_exit                                      ./SYS\libgsThreadS.a(gsThread.o)
pthread_join                                      ./SYS\libgsThreadS.a(gsThread.o)
pthread_mutex_destroy                             ./SYS\libgsThreadS.a(gsThread.o)
pthread_mutex_init                                ./SYS\libgsThreadS.a(gsThread.o)
pthread_mutex_lock                                ./SYS\libgsThreadS.a(gsThread.o)
pthread_mutex_trylock                             ./SYS\libgsThreadS.a(gsThread.o)
pthread_mutex_unlock                              ./SYS\libgsThreadS.a(gsThread.o)
pthread_testcancel                                ./SYS\libgsThreadS.a(gsThread.o)
resetAll                                          .build/EngineInv_Ctrl.o
sim_msg                                           .build/simul.o
sprintf                                           .build/RCText.o
usleep                                            .build/simul.o
                                                  .build/MAIN_Thread.o
                                                  .build/MCM_Ctrl.o
                                                  .build/AKB_Ctrl.o
vBAr                                              .build/VertBar.o
vechleicons_Set_stat                              .build/VechleIcons.o
                                                  .build/MAIN_Thread.o
                                                  .build/EngineInv_Ctrl.o
                                                  .build/AKB_Ctrl.o
vechleicons_show                                  .build/VechleIcons.o
                                                  .build/MAIN_Thread.o
                                                  .build/PIXEL_TST_BAT.o
